Archive member included to satisfy reference by file (symbol)

/opt/gcc-arm-none-eabi/bin/../lib/gcc/arm-none-eabi/5.2.1/../../../../arm-none-eabi/lib/armv7e-m/libg_nano.a(lib_a-exit.o)
                              /opt/gcc-arm-none-eabi/bin/../lib/gcc/arm-none-eabi/5.2.1/../../../../arm-none-eabi/lib/armv7e-m/crt0.o (exit)
/opt/gcc-arm-none-eabi/bin/../lib/gcc/arm-none-eabi/5.2.1/../../../../arm-none-eabi/lib/armv7e-m/libg_nano.a(lib_a-impure.o)
                              /opt/gcc-arm-none-eabi/bin/../lib/gcc/arm-none-eabi/5.2.1/../../../../arm-none-eabi/lib/armv7e-m/libg_nano.a(lib_a-exit.o) (_global_impure_ptr)
/opt/gcc-arm-none-eabi/bin/../lib/gcc/arm-none-eabi/5.2.1/../../../../arm-none-eabi/lib/armv7e-m/libg_nano.a(lib_a-init.o)
                              /opt/gcc-arm-none-eabi/bin/../lib/gcc/arm-none-eabi/5.2.1/../../../../arm-none-eabi/lib/armv7e-m/crt0.o (__libc_init_array)
/opt/gcc-arm-none-eabi/bin/../lib/gcc/arm-none-eabi/5.2.1/../../../../arm-none-eabi/lib/armv7e-m/libg_nano.a(lib_a-memset.o)
                              /opt/gcc-arm-none-eabi/bin/../lib/gcc/arm-none-eabi/5.2.1/../../../../arm-none-eabi/lib/armv7e-m/crt0.o (memset)
/opt/gcc-arm-none-eabi/bin/../lib/gcc/arm-none-eabi/5.2.1/../../../../arm-none-eabi/lib/armv7e-m/libnosys.a(_exit.o)
                              /opt/gcc-arm-none-eabi/bin/../lib/gcc/arm-none-eabi/5.2.1/../../../../arm-none-eabi/lib/armv7e-m/libg_nano.a(lib_a-exit.o) (_exit)

Allocating common symbols
Common symbol       size              file

hopamp2             0x34              ./Src/opamp.o
hdma_adc4           0x38              ./Src/adc.o
pFlash              0x20              ./Drivers/STM32F3xx_HAL_Driver/Src/stm32f3xx_hal_flash.o
hopamp3             0x34              ./Src/opamp.o
hopamp1             0x34              ./Src/opamp.o
hdma_usart1_tx      0x38              ./Src/usart.o
hadc1               0x54              ./Src/adc.o
huart1              0x70              ./Src/usart.o
hdma_adc1           0x38              ./Src/adc.o
hadc4               0x54              ./Src/adc.o
hopamp4             0x34              ./Src/opamp.o

Discarded input sections

 .text          0x0000000000000000        0x0 /opt/gcc-arm-none-eabi/bin/../lib/gcc/arm-none-eabi/5.2.1/armv7e-m/crti.o
 .data          0x0000000000000000        0x0 /opt/gcc-arm-none-eabi/bin/../lib/gcc/arm-none-eabi/5.2.1/armv7e-m/crti.o
 .bss           0x0000000000000000        0x0 /opt/gcc-arm-none-eabi/bin/../lib/gcc/arm-none-eabi/5.2.1/armv7e-m/crti.o
 .data          0x0000000000000000        0x4 /opt/gcc-arm-none-eabi/bin/../lib/gcc/arm-none-eabi/5.2.1/armv7e-m/crtbegin.o
 .text          0x0000000000000000       0x74 /opt/gcc-arm-none-eabi/bin/../lib/gcc/arm-none-eabi/5.2.1/../../../../arm-none-eabi/lib/armv7e-m/crt0.o
 .data          0x0000000000000000        0x0 /opt/gcc-arm-none-eabi/bin/../lib/gcc/arm-none-eabi/5.2.1/../../../../arm-none-eabi/lib/armv7e-m/crt0.o
 .bss           0x0000000000000000        0x0 /opt/gcc-arm-none-eabi/bin/../lib/gcc/arm-none-eabi/5.2.1/../../../../arm-none-eabi/lib/armv7e-m/crt0.o
 .ARM.extab     0x0000000000000000        0x0 /opt/gcc-arm-none-eabi/bin/../lib/gcc/arm-none-eabi/5.2.1/../../../../arm-none-eabi/lib/armv7e-m/crt0.o
 .ARM.exidx     0x0000000000000000        0x8 /opt/gcc-arm-none-eabi/bin/../lib/gcc/arm-none-eabi/5.2.1/../../../../arm-none-eabi/lib/armv7e-m/crt0.o
 .ARM.attributes
                0x0000000000000000       0x1c /opt/gcc-arm-none-eabi/bin/../lib/gcc/arm-none-eabi/5.2.1/../../../../arm-none-eabi/lib/armv7e-m/crt0.o
 .group         0x0000000000000000        0x8 ./Src/adc.o
 .group         0x0000000000000000        0x8 ./Src/adc.o
 .group         0x0000000000000000        0x8 ./Src/adc.o
 .group         0x0000000000000000        0x8 ./Src/adc.o
 .group         0x0000000000000000        0x8 ./Src/adc.o
 .group         0x0000000000000000        0x8 ./Src/adc.o
 .group         0x0000000000000000        0x8 ./Src/adc.o
 .group         0x0000000000000000        0x8 ./Src/adc.o
 .group         0x0000000000000000        0x8 ./Src/adc.o
 .group         0x0000000000000000        0x8 ./Src/adc.o
 .group         0x0000000000000000        0x8 ./Src/adc.o
 .group         0x0000000000000000        0x8 ./Src/adc.o
 .group         0x0000000000000000        0x8 ./Src/adc.o
 .group         0x0000000000000000        0x8 ./Src/adc.o
 .group         0x0000000000000000        0x8 ./Src/adc.o
 .group         0x0000000000000000        0x8 ./Src/adc.o
 .group         0x0000000000000000        0x8 ./Src/adc.o
 .group         0x0000000000000000        0x8 ./Src/adc.o
 .group         0x0000000000000000        0x8 ./Src/adc.o
 .group         0x0000000000000000        0x8 ./Src/adc.o
 .group         0x0000000000000000        0x8 ./Src/adc.o
 .group         0x0000000000000000        0x8 ./Src/adc.o
 .group         0x0000000000000000        0x8 ./Src/adc.o
 .group         0x0000000000000000        0x8 ./Src/adc.o
[...]
Memory Configuration

Name             Origin             Length             Attributes
FLASH            0x0000000008000000 0x0000000000040000 xr
RAM              0x0000000020000000 0x000000000000a000 xrw
CCMRAM           0x0000000010000000 0x0000000000002000 rw
*default*        0x0000000000000000 0xffffffffffffffff

Linker script and memory map

LOAD /opt/gcc-arm-none-eabi/bin/../lib/gcc/arm-none-eabi/5.2.1/armv7e-m/crti.o
LOAD /opt/gcc-arm-none-eabi/bin/../lib/gcc/arm-none-eabi/5.2.1/armv7e-m/crtbegin.o
LOAD /opt/gcc-arm-none-eabi/bin/../lib/gcc/arm-none-eabi/5.2.1/../../../../arm-none-eabi/lib/armv7e-m/crt0.o
LOAD ./Src/adc.o
LOAD ./Src/dma.o
LOAD ./Src/gpio.o
LOAD ./Src/main.o
LOAD ./Src/me_tabs.o
LOAD ./Src/opamp.o
LOAD ./Src/startup_stm32f303xc.o
LOAD ./Src/stm32f3xx_hal_msp.o
LOAD ./Src/stm32f3xx_it.o
LOAD ./Src/system_stm32f3xx.o
LOAD ./Src/usart.o
LOAD ./Drivers/STM32F3xx_HAL_Driver/Src/stm32f3xx_hal.o
LOAD ./Drivers/STM32F3xx_HAL_Driver/Src/stm32f3xx_hal_adc.o
LOAD ./Drivers/STM32F3xx_HAL_Driver/Src/stm32f3xx_hal_adc_ex.o
LOAD ./Drivers/STM32F3xx_HAL_Driver/Src/stm32f3xx_hal_can.o
LOAD ./Drivers/STM32F3xx_HAL_Driver/Src/stm32f3xx_hal_cec.o
LOAD ./Drivers/STM32F3xx_HAL_Driver/Src/stm32f3xx_hal_comp.o
LOAD ./Drivers/STM32F3xx_HAL_Driver/Src/stm32f3xx_hal_cortex.o
LOAD ./Drivers/STM32F3xx_HAL_Driver/Src/stm32f3xx_hal_crc.o
LOAD ./Drivers/STM32F3xx_HAL_Driver/Src/stm32f3xx_hal_crc_ex.o
LOAD ./Drivers/STM32F3xx_HAL_Driver/Src/stm32f3xx_hal_dac.o
LOAD ./Drivers/STM32F3xx_HAL_Driver/Src/stm32f3xx_hal_dac_ex.o
LOAD ./Drivers/STM32F3xx_HAL_Driver/Src/stm32f3xx_hal_dma.o
LOAD ./Drivers/STM32F3xx_HAL_Driver/Src/stm32f3xx_hal_flash.o
LOAD ./Drivers/STM32F3xx_HAL_Driver/Src/stm32f3xx_hal_flash_ex.o
LOAD ./Drivers/STM32F3xx_HAL_Driver/Src/stm32f3xx_hal_gpio.o
LOAD ./Drivers/STM32F3xx_HAL_Driver/Src/stm32f3xx_hal_hrtim.o
LOAD ./Drivers/STM32F3xx_HAL_Driver/Src/stm32f3xx_hal_i2c.o
LOAD ./Drivers/STM32F3xx_HAL_Driver/Src/stm32f3xx_hal_i2c_ex.o
LOAD ./Drivers/STM32F3xx_HAL_Driver/Src/stm32f3xx_hal_i2s.o
LOAD ./Drivers/STM32F3xx_HAL_Driver/Src/stm32f3xx_hal_i2s_ex.o
LOAD ./Drivers/STM32F3xx_HAL_Driver/Src/stm32f3xx_hal_irda.o
LOAD ./Drivers/STM32F3xx_HAL_Driver/Src/stm32f3xx_hal_iwdg.o
LOAD ./Drivers/STM32F3xx_HAL_Driver/Src/stm32f3xx_hal_nand.o
LOAD ./Drivers/STM32F3xx_HAL_Driver/Src/stm32f3xx_hal_nor.o
LOAD ./Drivers/STM32F3xx_HAL_Driver/Src/stm32f3xx_hal_opamp.o
LOAD ./Drivers/STM32F3xx_HAL_Driver/Src/stm32f3xx_hal_opamp_ex.o
LOAD ./Drivers/STM32F3xx_HAL_Driver/Src/stm32f3xx_hal_pccard.o
LOAD ./Drivers/STM32F3xx_HAL_Driver/Src/stm32f3xx_hal_pcd.o
LOAD ./Drivers/STM32F3xx_HAL_Driver/Src/stm32f3xx_hal_pcd_ex.o
LOAD ./Drivers/STM32F3xx_HAL_Driver/Src/stm32f3xx_hal_pwr.o
LOAD ./Drivers/STM32F3xx_HAL_Driver/Src/stm32f3xx_hal_pwr_ex.o
LOAD ./Drivers/STM32F3xx_HAL_Driver/Src/stm32f3xx_hal_rcc.o
LOAD ./Drivers/STM32F3xx_HAL_Driver/Src/stm32f3xx_hal_rcc_ex.o
LOAD ./Drivers/STM32F3xx_HAL_Driver/Src/stm32f3xx_hal_rtc.o
LOAD ./Drivers/STM32F3xx_HAL_Driver/Src/stm32f3xx_hal_rtc_ex.o
LOAD ./Drivers/STM32F3xx_HAL_Driver/Src/stm32f3xx_hal_sdadc.o
LOAD ./Drivers/STM32F3xx_HAL_Driver/Src/stm32f3xx_hal_smartcard.o
LOAD ./Drivers/STM32F3xx_HAL_Driver/Src/stm32f3xx_hal_smartcard_ex.o
LOAD ./Drivers/STM32F3xx_HAL_Driver/Src/stm32f3xx_hal_smbus.o
LOAD ./Drivers/STM32F3xx_HAL_Driver/Src/stm32f3xx_hal_spi.o
LOAD ./Drivers/STM32F3xx_HAL_Driver/Src/stm32f3xx_hal_spi_ex.o
LOAD ./Drivers/STM32F3xx_HAL_Driver/Src/stm32f3xx_hal_sram.o
LOAD ./Drivers/STM32F3xx_HAL_Driver/Src/stm32f3xx_hal_tim.o
LOAD ./Drivers/STM32F3xx_HAL_Driver/Src/stm32f3xx_hal_tim_ex.o
LOAD ./Drivers/STM32F3xx_HAL_Driver/Src/stm32f3xx_hal_tsc.o
LOAD ./Drivers/STM32F3xx_HAL_Driver/Src/stm32f3xx_hal_uart.o
LOAD ./Drivers/STM32F3xx_HAL_Driver/Src/stm32f3xx_hal_uart_ex.o
LOAD ./Drivers/STM32F3xx_HAL_Driver/Src/stm32f3xx_hal_usart.o
LOAD ./Drivers/STM32F3xx_HAL_Driver/Src/stm32f3xx_hal_wwdg.o
LOAD ./Drivers/STM32F3xx_HAL_Driver/Src/stm32f3xx_ll_fmc.o
START GROUP
LOAD /opt/gcc-arm-none-eabi/bin/../lib/gcc/arm-none-eabi/5.2.1/armv7e-m/libgcc.a
LOAD /opt/gcc-arm-none-eabi/bin/../lib/gcc/arm-none-eabi/5.2.1/../../../../arm-none-eabi/lib/armv7e-m/libg_nano.a
LOAD /opt/gcc-arm-none-eabi/bin/../lib/gcc/arm-none-eabi/5.2.1/../../../../arm-none-eabi/lib/armv7e-m/libc_nano.a
END GROUP
START GROUP
LOAD /opt/gcc-arm-none-eabi/bin/../lib/gcc/arm-none-eabi/5.2.1/armv7e-m/libgcc.a
LOAD /opt/gcc-arm-none-eabi/bin/../lib/gcc/arm-none-eabi/5.2.1/../../../../arm-none-eabi/lib/armv7e-m/libc_nano.a
LOAD /opt/gcc-arm-none-eabi/bin/../lib/gcc/arm-none-eabi/5.2.1/../../../../arm-none-eabi/lib/armv7e-m/libnosys.a
END GROUP
START GROUP
LOAD /opt/gcc-arm-none-eabi/bin/../lib/gcc/arm-none-eabi/5.2.1/armv7e-m/libgcc.a
LOAD /opt/gcc-arm-none-eabi/bin/../lib/gcc/arm-none-eabi/5.2.1/../../../../arm-none-eabi/lib/armv7e-m/libc_nano.a
LOAD /opt/gcc-arm-none-eabi/bin/../lib/gcc/arm-none-eabi/5.2.1/../../../../arm-none-eabi/lib/armv7e-m/libnosys.a
END GROUP
LOAD /opt/gcc-arm-none-eabi/bin/../lib/gcc/arm-none-eabi/5.2.1/armv7e-m/crtend.o
LOAD /opt/gcc-arm-none-eabi/bin/../lib/gcc/arm-none-eabi/5.2.1/armv7e-m/crtn.o
                0x000000002000a000                _estack = 0x2000a000
                0x0000000000000400                _Min_Heap_Size = 0x400
                0x0000000000000200                _Min_Stack_Size = 0x200

.isr_vector     0x0000000008000000      0x188
                0x0000000008000000                . = ALIGN (0x4)
 *(.isr_vector)
 .isr_vector    0x0000000008000000      0x188 ./Src/startup_stm32f303xc.o
                0x0000000008000000                g_pfnVectors
                0x0000000008000188                . = ALIGN (0x4)

.text           0x0000000008000188     0x5ee8
                0x0000000008000188                . = ALIGN (0x4)
 *(.text)
 .text          0x0000000008000188       0xa4 /opt/gcc-arm-none-eabi/bin/../lib/gcc/arm-none-eabi/5.2.1/armv7e-m/crtbegin.o
 *(.text*)
 .text.MX_ADC1_Init
                0x000000000800022c       0x8c ./Src/adc.o
                0x000000000800022c                MX_ADC1_Init
 .text.MX_ADC4_Init
                0x00000000080002b8       0x90 ./Src/adc.o
                0x00000000080002b8                MX_ADC4_Init
 .text.HAL_ADC_MspInit
                0x0000000008000348      0x100 ./Src/adc.o
                0x0000000008000348                HAL_ADC_MspInit
 .text.MX_DMA_Init
                0x0000000008000448       0x74 ./Src/dma.o
                0x0000000008000448                MX_DMA_Init
 .text.MX_GPIO_Init
                0x00000000080004bc       0xa0 ./Src/gpio.o
                0x00000000080004bc                MX_GPIO_Init
 .text.me_encode
                0x000000000800055c       0x4c ./Src/main.o
                0x000000000800055c                me_encode
 .text.HAL_UART_TxCpltCallback
                0x00000000080005a8       0x14 ./Src/main.o
                0x00000000080005a8                HAL_UART_TxCpltCallback
 .text.HAL_ADC_ConvCpltCallback
                0x00000000080005bc       0xcc ./Src/main.o
                0x00000000080005bc                HAL_ADC_ConvCpltCallback
 .text.HAL_ADC_ConvHalfCpltCallback
                0x0000000008000688       0x70 ./Src/main.o
                0x0000000008000688                HAL_ADC_ConvHalfCpltCallback
 .text.main     0x00000000080006f8       0xd8 ./Src/main.o
                0x00000000080006f8                main
 .text.SystemClock_Config
                0x00000000080007d0       0x94 ./Src/main.o
                0x00000000080007d0                SystemClock_Config
 .text.MX_OPAMP1_Init
                0x0000000008000864       0x3c ./Src/opamp.o
                0x0000000008000864                MX_OPAMP1_Init
 .text.MX_OPAMP2_Init
                0x00000000080008a0       0x3c ./Src/opamp.o
                0x00000000080008a0                MX_OPAMP2_Init
 .text.MX_OPAMP3_Init
                0x00000000080008dc       0x3c ./Src/opamp.o
                0x00000000080008dc                MX_OPAMP3_Init
 .text.MX_OPAMP4_Init
                0x0000000008000918       0x3c ./Src/opamp.o
                0x0000000008000918                MX_OPAMP4_Init
 .text.HAL_OPAMP_MspInit
                0x0000000008000954       0xb8 ./Src/opamp.o
                0x0000000008000954                HAL_OPAMP_MspInit
 .text.Reset_Handler
                0x0000000008000a0c       0x50 ./Src/startup_stm32f303xc.o
                0x0000000008000a0c                Reset_Handler
 .text.Default_Handler
                0x0000000008000a5c        0x2 ./Src/startup_stm32f303xc.o
                0x0000000008000a5c                TIM1_BRK_TIM15_IRQHandler
                0x0000000008000a5c                TIM8_TRG_COM_IRQHandler
                0x0000000008000a5c                TIM8_CC_IRQHandler
                0x0000000008000a5c                DebugMon_Handler
                0x0000000008000a5c                TIM1_CC_IRQHandler
                0x0000000008000a5c                HardFault_Handler
                0x0000000008000a5c                USB_HP_IRQHandler
                0x0000000008000a5c                PVD_IRQHandler
                0x0000000008000a5c                TAMP_STAMP_IRQHandler
                0x0000000008000a5c                PendSV_Handler
                0x0000000008000a5c                NMI_Handler
                0x0000000008000a5c                EXTI3_IRQHandler
                0x0000000008000a5c                USB_HP_CAN_TX_IRQHandler
                0x0000000008000a5c                EXTI0_IRQHandler
                0x0000000008000a5c                I2C2_EV_IRQHandler
                0x0000000008000a5c                FPU_IRQHandler
                0x0000000008000a5c                TIM1_UP_TIM16_IRQHandler
                0x0000000008000a5c                UsageFault_Handler
                0x0000000008000a5c                ADC1_2_IRQHandler
                0x0000000008000a5c                SPI1_IRQHandler
                0x0000000008000a5c                CAN_SCE_IRQHandler
                0x0000000008000a5c                TIM6_DAC_IRQHandler
                0x0000000008000a5c                TIM8_UP_IRQHandler
                0x0000000008000a5c                USART3_IRQHandler
                0x0000000008000a5c                DMA1_Channel7_IRQHandler
                0x0000000008000a5c                UART5_IRQHandler
                0x0000000008000a5c                ADC3_IRQHandler
                0x0000000008000a5c                TIM4_IRQHandler
                0x0000000008000a5c                CAN_RX1_IRQHandler
                0x0000000008000a5c                DMA2_Channel1_IRQHandler
                0x0000000008000a5c                I2C1_EV_IRQHandler
                0x0000000008000a5c                DMA1_Channel6_IRQHandler
                0x0000000008000a5c                UART4_IRQHandler
                0x0000000008000a5c                DMA2_Channel4_IRQHandler
                0x0000000008000a5c                TIM3_IRQHandler
                0x0000000008000a5c                RCC_IRQHandler
                0x0000000008000a5c                Default_Handler
                0x0000000008000a5c                USBWakeUp_RMP_IRQHandler
                0x0000000008000a5c                EXTI15_10_IRQHandler
                0x0000000008000a5c                TIM7_IRQHandler
                0x0000000008000a5c                EXTI9_5_IRQHandler
                0x0000000008000a5c                RTC_WKUP_IRQHandler
                0x0000000008000a5c                SPI2_IRQHandler
                0x0000000008000a5c                USB_LP_CAN_RX0_IRQHandler
                0x0000000008000a5c                MemManage_Handler
                0x0000000008000a5c                SVC_Handler
                0x0000000008000a5c                DMA2_Channel5_IRQHandler
                0x0000000008000a5c                DMA1_Channel5_IRQHandler
                0x0000000008000a5c                USB_LP_IRQHandler
                0x0000000008000a5c                EXTI4_IRQHandler
                0x0000000008000a5c                TIM1_TRG_COM_TIM17_IRQHandler
                0x0000000008000a5c                DMA1_Channel3_IRQHandler
                0x0000000008000a5c                ADC4_IRQHandler
                0x0000000008000a5c                WWDG_IRQHandler
                0x0000000008000a5c                TIM2_IRQHandler
                0x0000000008000a5c                COMP7_IRQHandler
                0x0000000008000a5c                COMP1_2_3_IRQHandler
                0x0000000008000a5c                EXTI1_IRQHandler
                0x0000000008000a5c                USART2_IRQHandler
                0x0000000008000a5c                COMP4_5_6_IRQHandler
                0x0000000008000a5c                I2C2_ER_IRQHandler
                0x0000000008000a5c                DMA1_Channel2_IRQHandler
                0x0000000008000a5c                TIM8_BRK_IRQHandler
                0x0000000008000a5c                FLASH_IRQHandler
                0x0000000008000a5c                BusFault_Handler
                0x0000000008000a5c                SPI3_IRQHandler
                0x0000000008000a5c                I2C1_ER_IRQHandler
                0x0000000008000a5c                USBWakeUp_IRQHandler
                0x0000000008000a5c                DMA2_Channel3_IRQHandler
                0x0000000008000a5c                EXTI2_TSC_IRQHandler
                0x0000000008000a5c                RTC_Alarm_IRQHandler
 *fill*         0x0000000008000a5e        0x2 
 .text.HAL_MspInit
                0x0000000008000a60       0x3c ./Src/stm32f3xx_hal_msp.o
                0x0000000008000a60                HAL_MspInit
 .text.SysTick_Handler
                0x0000000008000a9c       0x10 ./Src/stm32f3xx_it.o
                0x0000000008000a9c                SysTick_Handler
 .text.DMA1_Channel1_IRQHandler
                0x0000000008000aac       0x14 ./Src/stm32f3xx_it.o
                0x0000000008000aac                DMA1_Channel1_IRQHandler
 .text.DMA1_Channel4_IRQHandler
                0x0000000008000ac0       0x14 ./Src/stm32f3xx_it.o
                0x0000000008000ac0                DMA1_Channel4_IRQHandler
 .text.USART1_IRQHandler
                0x0000000008000ad4       0x14 ./Src/stm32f3xx_it.o
                0x0000000008000ad4                USART1_IRQHandler
 .text.DMA2_Channel2_IRQHandler
                0x0000000008000ae8       0x14 ./Src/stm32f3xx_it.o
                0x0000000008000ae8                DMA2_Channel2_IRQHandler
 .text.SystemInit
                0x0000000008000afc       0x84 ./Src/system_stm32f3xx.o
                0x0000000008000afc                SystemInit
 .text.MX_USART1_UART_Init
                0x0000000008000b80       0x58 ./Src/usart.o
                0x0000000008000b80                MX_USART1_UART_Init
 .text.HAL_UART_MspInit
                0x0000000008000bd8       0xbc ./Src/usart.o
                0x0000000008000bd8                HAL_UART_MspInit
 .text.HAL_Init
                0x0000000008000c94       0x2c ./Drivers/STM32F3xx_HAL_Driver/Src/stm32f3xx_hal.o
                0x0000000008000c94                HAL_Init
 .text.HAL_InitTick
                0x0000000008000cc0       0x38 ./Drivers/STM32F3xx_HAL_Driver/Src/stm32f3xx_hal.o
                0x0000000008000cc0                HAL_InitTick
 .text.HAL_IncTick
                0x0000000008000cf8       0x1c ./Drivers/STM32F3xx_HAL_Driver/Src/stm32f3xx_hal.o
                0x0000000008000cf8                HAL_IncTick
 .text.HAL_GetTick
                0x0000000008000d14       0x14 ./Drivers/STM32F3xx_HAL_Driver/Src/stm32f3xx_hal.o
                0x0000000008000d14                HAL_GetTick
 .text.HAL_ADC_ErrorCallback
                0x0000000008000d28       0x14 ./Drivers/STM32F3xx_HAL_Driver/Src/stm32f3xx_hal_adc.o
                0x0000000008000d28                HAL_ADC_ErrorCallback
 .text.HAL_ADC_Init
                0x0000000008000d3c      0x3bc ./Drivers/STM32F3xx_HAL_Driver/Src/stm32f3xx_hal_adc_ex.o
                0x0000000008000d3c                HAL_ADC_Init
 .text.HAL_ADC_Stop
                0x00000000080010f8       0x6c ./Drivers/STM32F3xx_HAL_Driver/Src/stm32f3xx_hal_adc_ex.o
                0x00000000080010f8                HAL_ADC_Stop
 .text.HAL_ADC_Start_DMA
                0x0000000008001164      0x238 ./Drivers/STM32F3xx_HAL_Driver/Src/stm32f3xx_hal_adc_ex.o
                0x0000000008001164                HAL_ADC_Start_DMA
 .text.HAL_ADC_Stop_DMA
                0x000000000800139c       0xb8 ./Drivers/STM32F3xx_HAL_Driver/Src/stm32f3xx_hal_adc_ex.o
                0x000000000800139c                HAL_ADC_Stop_DMA
 .text.HAL_ADCEx_Calibration_SetValue
                0x0000000008001454       0xc4 ./Drivers/STM32F3xx_HAL_Driver/Src/stm32f3xx_hal_adc_ex.o
                0x0000000008001454                HAL_ADCEx_Calibration_SetValue
 .text.HAL_ADC_ConfigChannel
                0x0000000008001518      0x5d8 ./Drivers/STM32F3xx_HAL_Driver/Src/stm32f3xx_hal_adc_ex.o
                0x0000000008001518                HAL_ADC_ConfigChannel
 .text.ADC_DMAConvCplt
                0x0000000008001af0       0x7c ./Drivers/STM32F3xx_HAL_Driver/Src/stm32f3xx_hal_adc_ex.o
 .text.ADC_DMAHalfConvCplt
                0x0000000008001b6c       0x1c ./Drivers/STM32F3xx_HAL_Driver/Src/stm32f3xx_hal_adc_ex.o
 .text.ADC_DMAError
                0x0000000008001b88       0x34 ./Drivers/STM32F3xx_HAL_Driver/Src/stm32f3xx_hal_adc_ex.o
 .text.ADC_Enable
                0x0000000008001bbc       0xbc ./Drivers/STM32F3xx_HAL_Driver/Src/stm32f3xx_hal_adc_ex.o
 .text.ADC_Disable
                0x0000000008001c78       0xc0 ./Drivers/STM32F3xx_HAL_Driver/Src/stm32f3xx_hal_adc_ex.o
 .text.ADC_ConversionStop
                0x0000000008001d38      0x158 ./Drivers/STM32F3xx_HAL_Driver/Src/stm32f3xx_hal_adc_ex.o
 .text.NVIC_SetPriorityGrouping
                0x0000000008001e90       0x48 ./Drivers/STM32F3xx_HAL_Driver/Src/stm32f3xx_hal_cortex.o
 .text.NVIC_GetPriorityGrouping
                0x0000000008001ed8       0x1c ./Drivers/STM32F3xx_HAL_Driver/Src/stm32f3xx_hal_cortex.o
 .text.NVIC_EnableIRQ
                0x0000000008001ef4       0x30 ./Drivers/STM32F3xx_HAL_Driver/Src/stm32f3xx_hal_cortex.o
 .text.NVIC_SetPriority
                0x0000000008001f24       0x54 ./Drivers/STM32F3xx_HAL_Driver/Src/stm32f3xx_hal_cortex.o
 .text.NVIC_EncodePriority
                0x0000000008001f78       0x60 ./Drivers/STM32F3xx_HAL_Driver/Src/stm32f3xx_hal_cortex.o
 .text.SysTick_Config
                0x0000000008001fd8       0x44 ./Drivers/STM32F3xx_HAL_Driver/Src/stm32f3xx_hal_cortex.o
 .text.HAL_NVIC_SetPriorityGrouping
                0x000000000800201c       0x18 ./Drivers/STM32F3xx_HAL_Driver/Src/stm32f3xx_hal_cortex.o
                0x000000000800201c                HAL_NVIC_SetPriorityGrouping
 .text.HAL_NVIC_SetPriority
                0x0000000008002034       0x38 ./Drivers/STM32F3xx_HAL_Driver/Src/stm32f3xx_hal_cortex.o
                0x0000000008002034                HAL_NVIC_SetPriority
 .text.HAL_NVIC_EnableIRQ
                0x000000000800206c       0x1c ./Drivers/STM32F3xx_HAL_Driver/Src/stm32f3xx_hal_cortex.o
                0x000000000800206c                HAL_NVIC_EnableIRQ
 .text.HAL_SYSTICK_Config
                0x0000000008002088       0x18 ./Drivers/STM32F3xx_HAL_Driver/Src/stm32f3xx_hal_cortex.o
                0x0000000008002088                HAL_SYSTICK_Config
 .text.HAL_SYSTICK_CLKSourceConfig
                0x00000000080020a0       0x38 ./Drivers/STM32F3xx_HAL_Driver/Src/stm32f3xx_hal_cortex.o
                0x00000000080020a0                HAL_SYSTICK_CLKSourceConfig
 .text.HAL_SYSTICK_IRQHandler
                0x00000000080020d8        0xc ./Drivers/STM32F3xx_HAL_Driver/Src/stm32f3xx_hal_cortex.o
                0x00000000080020d8                HAL_SYSTICK_IRQHandler
 .text.HAL_SYSTICK_Callback
                0x00000000080020e4        0xc ./Drivers/STM32F3xx_HAL_Driver/Src/stm32f3xx_hal_cortex.o
                0x00000000080020e4                HAL_SYSTICK_Callback
 .text.HAL_DMA_Init
                0x00000000080020f0       0x94 ./Drivers/STM32F3xx_HAL_Driver/Src/stm32f3xx_hal_dma.o
                0x00000000080020f0                HAL_DMA_Init
 .text.HAL_DMA_Start_IT
                0x0000000008002184       0x94 ./Drivers/STM32F3xx_HAL_Driver/Src/stm32f3xx_hal_dma.o
                0x0000000008002184                HAL_DMA_Start_IT
 .text.HAL_DMA_Abort
                0x0000000008002218       0x7c ./Drivers/STM32F3xx_HAL_Driver/Src/stm32f3xx_hal_dma.o
                0x0000000008002218                HAL_DMA_Abort
 .text.HAL_DMA_IRQHandler
                0x0000000008002294      0xbc4 ./Drivers/STM32F3xx_HAL_Driver/Src/stm32f3xx_hal_dma.o
                0x0000000008002294                HAL_DMA_IRQHandler
 .text.DMA_SetConfig
                0x0000000008002e58       0x4c ./Drivers/STM32F3xx_HAL_Driver/Src/stm32f3xx_hal_dma.o
 .text.HAL_GPIO_Init
                0x0000000008002ea4      0x2f8 ./Drivers/STM32F3xx_HAL_Driver/Src/stm32f3xx_hal_gpio.o
                0x0000000008002ea4                HAL_GPIO_Init
 .text.HAL_GPIO_WritePin
                0x000000000800319c       0x30 ./Drivers/STM32F3xx_HAL_Driver/Src/stm32f3xx_hal_gpio.o
                0x000000000800319c                HAL_GPIO_WritePin
 .text.HAL_OPAMP_Init
                0x00000000080031cc      0x140 ./Drivers/STM32F3xx_HAL_Driver/Src/stm32f3xx_hal_opamp.o
                0x00000000080031cc                HAL_OPAMP_Init
 .text.HAL_OPAMP_Start
                0x000000000800330c       0x5c ./Drivers/STM32F3xx_HAL_Driver/Src/stm32f3xx_hal_opamp.o
                0x000000000800330c                HAL_OPAMP_Start
 .text.HAL_PWR_EnterSLEEPMode
                0x0000000008003368       0x38 ./Drivers/STM32F3xx_HAL_Driver/Src/stm32f3xx_hal_pwr.o
                0x0000000008003368                HAL_PWR_EnterSLEEPMode
 .text.HAL_RCC_OscConfig
                0x00000000080033a0     0x13a4 ./Drivers/STM32F3xx_HAL_Driver/Src/stm32f3xx_hal_rcc.o
                0x00000000080033a0                HAL_RCC_OscConfig
 .text.HAL_RCC_ClockConfig
                0x0000000008004744      0x710 ./Drivers/STM32F3xx_HAL_Driver/Src/stm32f3xx_hal_rcc.o
                0x0000000008004744                HAL_RCC_ClockConfig
 .text.HAL_RCC_GetSysClockFreq
                0x0000000008004e54       0xd0 ./Drivers/STM32F3xx_HAL_Driver/Src/stm32f3xx_hal_rcc.o
                0x0000000008004e54                HAL_RCC_GetSysClockFreq
 .text.HAL_RCC_GetHCLKFreq
                0x0000000008004f24       0x50 ./Drivers/STM32F3xx_HAL_Driver/Src/stm32f3xx_hal_rcc.o
                0x0000000008004f24                HAL_RCC_GetHCLKFreq
 .text.HAL_RCC_GetPCLK1Freq
                0x0000000008004f74       0x44 ./Drivers/STM32F3xx_HAL_Driver/Src/stm32f3xx_hal_rcc.o
                0x0000000008004f74                HAL_RCC_GetPCLK1Freq
 .text.HAL_RCC_GetPCLK2Freq
                0x0000000008004fb8       0x44 ./Drivers/STM32F3xx_HAL_Driver/Src/stm32f3xx_hal_rcc.o
                0x0000000008004fb8                HAL_RCC_GetPCLK2Freq
 .text.HAL_RCCEx_PeriphCLKConfig
                0x0000000008004ffc      0x358 ./Drivers/STM32F3xx_HAL_Driver/Src/stm32f3xx_hal_rcc_ex.o
                0x0000000008004ffc                HAL_RCCEx_PeriphCLKConfig
 .text.HAL_UART_Init
                0x0000000008005354       0xa4 ./Drivers/STM32F3xx_HAL_Driver/Src/stm32f3xx_hal_uart.o
                0x0000000008005354                HAL_UART_Init
 .text.HAL_UART_Transmit_DMA
                0x00000000080053f8       0xf4 ./Drivers/STM32F3xx_HAL_Driver/Src/stm32f3xx_hal_uart.o
                0x00000000080053f8                HAL_UART_Transmit_DMA
 .text.HAL_UART_IRQHandler
                0x00000000080054ec      0x1a8 ./Drivers/STM32F3xx_HAL_Driver/Src/stm32f3xx_hal_uart.o
                0x00000000080054ec                HAL_UART_IRQHandler
 .text.HAL_UART_TxHalfCpltCallback
                0x0000000008005694       0x14 ./Drivers/STM32F3xx_HAL_Driver/Src/stm32f3xx_hal_uart.o
                0x0000000008005694                HAL_UART_TxHalfCpltCallback
 .text.HAL_UART_RxCpltCallback
                0x00000000080056a8       0x14 ./Drivers/STM32F3xx_HAL_Driver/Src/stm32f3xx_hal_uart.o
                0x00000000080056a8                HAL_UART_RxCpltCallback
 .text.HAL_UART_ErrorCallback
                0x00000000080056bc       0x14 ./Drivers/STM32F3xx_HAL_Driver/Src/stm32f3xx_hal_uart.o
                0x00000000080056bc                HAL_UART_ErrorCallback
 .text.UART_SetConfig
                0x00000000080056d0      0x390 ./Drivers/STM32F3xx_HAL_Driver/Src/stm32f3xx_hal_uart.o
                0x00000000080056d0                UART_SetConfig
 .text.UART_AdvFeatureConfig
                0x0000000008005a60      0x144 ./Drivers/STM32F3xx_HAL_Driver/Src/stm32f3xx_hal_uart.o
                0x0000000008005a60                UART_AdvFeatureConfig
 .text.UART_CheckIdleState
                0x0000000008005ba4       0x78 ./Drivers/STM32F3xx_HAL_Driver/Src/stm32f3xx_hal_uart.o
                0x0000000008005ba4                UART_CheckIdleState
 .text.UART_WaitOnFlagUntilTimeout
                0x0000000008005c1c      0x130 ./Drivers/STM32F3xx_HAL_Driver/Src/stm32f3xx_hal_uart.o
                0x0000000008005c1c                UART_WaitOnFlagUntilTimeout
 .text.UART_DMATransmitCplt
                0x0000000008005d4c       0x54 ./Drivers/STM32F3xx_HAL_Driver/Src/stm32f3xx_hal_uart.o
 .text.UART_DMATxHalfCplt
                0x0000000008005da0       0x1c ./Drivers/STM32F3xx_HAL_Driver/Src/stm32f3xx_hal_uart.o
 .text.UART_DMAError
                0x0000000008005dbc       0x40 ./Drivers/STM32F3xx_HAL_Driver/Src/stm32f3xx_hal_uart.o
 .text.UART_Transmit_IT
                0x0000000008005dfc       0xb8 ./Drivers/STM32F3xx_HAL_Driver/Src/stm32f3xx_hal_uart.o
                0x0000000008005dfc                UART_Transmit_IT
 .text.UART_EndTransmit_IT
                0x0000000008005eb4       0x48 ./Drivers/STM32F3xx_HAL_Driver/Src/stm32f3xx_hal_uart.o
                0x0000000008005eb4                UART_EndTransmit_IT
 .text.UART_Receive_IT
                0x0000000008005efc       0xfc ./Drivers/STM32F3xx_HAL_Driver/Src/stm32f3xx_hal_uart.o
                0x0000000008005efc                UART_Receive_IT
 .text.HAL_UARTEx_WakeupCallback
                0x0000000008005ff8       0x14 ./Drivers/STM32F3xx_HAL_Driver/Src/stm32f3xx_hal_uart_ex.o
                0x0000000008005ff8                HAL_UARTEx_WakeupCallback
 .text.__libc_init_array
                0x000000000800600c       0x4c /opt/gcc-arm-none-eabi/bin/../lib/gcc/arm-none-eabi/5.2.1/../../../../arm-none-eabi/lib/armv7e-m/libg_nano.a(lib_a-init.o)
                0x000000000800600c                __libc_init_array
 *(.glue_7)
 .glue_7        0x0000000008006058        0x0 linker stubs
 *(.glue_7t)
 .glue_7t       0x0000000008006058        0x0 linker stubs
 *(.eh_frame)
 .eh_frame      0x0000000008006058        0x0 /opt/gcc-arm-none-eabi/bin/../lib/gcc/arm-none-eabi/5.2.1/armv7e-m/crtbegin.o
 *(.init)
 .init          0x0000000008006058        0x4 /opt/gcc-arm-none-eabi/bin/../lib/gcc/arm-none-eabi/5.2.1/armv7e-m/crti.o
                0x0000000008006058                _init
 .init          0x000000000800605c        0x8 /opt/gcc-arm-none-eabi/bin/../lib/gcc/arm-none-eabi/5.2.1/armv7e-m/crtn.o
 *(.fini)
 .fini          0x0000000008006064        0x4 /opt/gcc-arm-none-eabi/bin/../lib/gcc/arm-none-eabi/5.2.1/armv7e-m/crti.o
                0x0000000008006064                _fini
 .fini          0x0000000008006068        0x8 /opt/gcc-arm-none-eabi/bin/../lib/gcc/arm-none-eabi/5.2.1/armv7e-m/crtn.o
                0x0000000008006070                . = ALIGN (0x4)
                0x0000000008006070                _etext = .

.vfp11_veneer   0x0000000008006070        0x0
 .vfp11_veneer  0x0000000008006070        0x0 linker stubs

.v4_bx          0x0000000008006070        0x0
 .v4_bx         0x0000000008006070        0x0 linker stubs

.iplt           0x0000000008006070        0x0
 .iplt          0x0000000008006070        0x0 /opt/gcc-arm-none-eabi/bin/../lib/gcc/arm-none-eabi/5.2.1/armv7e-m/crtbegin.o

.rodata         0x0000000008006070      0x230
                0x0000000008006070                . = ALIGN (0x4)
 *(.rodata)
 *(.rodata*)
 .rodata.me_encode_tab
                0x0000000008006070      0x200 ./Src/me_tabs.o
                0x0000000008006070                me_encode_tab
 .rodata.aAPBAHBPrescTable
                0x0000000008006270       0x10 ./Drivers/STM32F3xx_HAL_Driver/Src/stm32f3xx_hal_rcc.o
                0x0000000008006270                aAPBAHBPrescTable
 .rodata.aPLLMULFactorTable
                0x0000000008006280       0x10 ./Drivers/STM32F3xx_HAL_Driver/Src/stm32f3xx_hal_rcc.o
                0x0000000008006280                aPLLMULFactorTable
 .rodata.aPredivFactorTable
                0x0000000008006290       0x10 ./Drivers/STM32F3xx_HAL_Driver/Src/stm32f3xx_hal_rcc.o
                0x0000000008006290                aPredivFactorTable
                0x00000000080062a0                . = ALIGN (0x4)

.rel.dyn        0x00000000080062a0        0x0
 .rel.iplt      0x00000000080062a0        0x0 /opt/gcc-arm-none-eabi/bin/../lib/gcc/arm-none-eabi/5.2.1/armv7e-m/crtbegin.o

.ARM.extab
 *(.ARM.extab* .gnu.linkonce.armextab.*)

.ARM            0x00000000080062a0        0x0
                0x00000000080062a0                __exidx_start = .
 *(.ARM.exidx*)
                0x00000000080062a0                __exidx_end = .

.preinit_array  0x00000000080062a0        0x0
                0x00000000080062a0                PROVIDE (__preinit_array_start, .)
 *(.preinit_array*)
                0x00000000080062a0                PROVIDE (__preinit_array_end, .)

.init_array     0x00000000080062a0        0x4
                0x00000000080062a0                PROVIDE (__init_array_start, .)
 *(SORT(.init_array.*))
 *(.init_array*)
 .init_array    0x00000000080062a0        0x4 /opt/gcc-arm-none-eabi/bin/../lib/gcc/arm-none-eabi/5.2.1/armv7e-m/crtbegin.o
                0x00000000080062a4                PROVIDE (__init_array_end, .)

.fini_array     0x00000000080062a4        0x4
                [!provide]                        PROVIDE (__fini_array_start, .)
 *(SORT(.fini_array.*))
 *(.fini_array*)
 .fini_array    0x00000000080062a4        0x4 /opt/gcc-arm-none-eabi/bin/../lib/gcc/arm-none-eabi/5.2.1/armv7e-m/crtbegin.o
                [!provide]                        PROVIDE (__fini_array_end, .)
                0x00000000080062a8                _sidata = LOADADDR (.data)

.data           0x0000000020000000     0x1f5c load address 0x00000000080062a8
                0x0000000020000000                . = ALIGN (0x4)
                0x0000000020000000                _sdata = .
 *(.data)
 *(.data*)
 .data.ADC1_Packet
                0x0000000020000000      0xfac ./Src/main.o
                0x0000000020000000                ADC1_Packet
 .data.ADC4_Packet
                0x0000000020000fac      0xfac ./Src/main.o
                0x0000000020000fac                ADC4_Packet
 .data.SystemCoreClock
                0x0000000020001f58        0x4 ./Src/system_stm32f3xx.o
                0x0000000020001f58                SystemCoreClock
                0x0000000020001f5c                . = ALIGN (0x4)
                0x0000000020001f5c                _edata = .
                0x0000000008008204                _siccmram = LOADADDR (.ccmram)

.jcr            0x0000000020001f5c        0x0 load address 0x0000000008008204
 .jcr           0x0000000020001f5c        0x0 /opt/gcc-arm-none-eabi/bin/../lib/gcc/arm-none-eabi/5.2.1/armv7e-m/crtbegin.o

.tm_clone_table
                0x0000000020001f5c        0x0 load address 0x0000000008008204
 .tm_clone_table
                0x0000000020001f5c        0x0 /opt/gcc-arm-none-eabi/bin/../lib/gcc/arm-none-eabi/5.2.1/armv7e-m/crtbegin.o
 .tm_clone_table
                0x0000000020001f5c        0x0 /opt/gcc-arm-none-eabi/bin/../lib/gcc/arm-none-eabi/5.2.1/armv7e-m/crtend.o

.igot.plt       0x0000000020001f5c        0x0 load address 0x0000000008008204
 .igot.plt      0x0000000020001f5c        0x0 /opt/gcc-arm-none-eabi/bin/../lib/gcc/arm-none-eabi/5.2.1/armv7e-m/crtbegin.o

.ccmram         0x0000000010000000        0x0 load address 0x0000000008008204
                0x0000000010000000                . = ALIGN (0x4)
                0x0000000010000000                _sccmram = .
 *(.ccmram)
 *(.ccmram*)
                0x0000000010000000                . = ALIGN (0x4)
                0x0000000010000000                _eccmram = .
                0x0000000010000000                . = ALIGN (0x4)

.bss            0x0000000020001f5c     0x21f4
                0x0000000020001f5c                _sbss = .
                0x0000000020001f5c                __bss_start__ = _sbss
 *(.bss)
 .bss           0x0000000020001f5c       0x1c /opt/gcc-arm-none-eabi/bin/../lib/gcc/arm-none-eabi/5.2.1/armv7e-m/crtbegin.o
 *(.bss*)
 .bss.ADC_doublebufferbit
                0x0000000020001f78        0x4 ./Src/main.o
                0x0000000020001f78                ADC_doublebufferbit
 .bss.ADC1_doublebuffer
                0x0000000020001f7c      0xfa0 ./Src/main.o
                0x0000000020001f7c                ADC1_doublebuffer
 .bss.ADC4_doublebuffer
                0x0000000020002f1c      0xfa0 ./Src/main.o
                0x0000000020002f1c                ADC4_doublebuffer
 .bss.uwTick    0x0000000020003ebc        0x4 ./Drivers/STM32F3xx_HAL_Driver/Src/stm32f3xx_hal.o
 *(COMMON)
 COMMON         0x0000000020003ec0      0x118 ./Src/adc.o
                0x0000000020003ec0                hdma_adc4
                0x0000000020003ef8                hadc1
                0x0000000020003f4c                hdma_adc1
                0x0000000020003f84                hadc4
 COMMON         0x0000000020003fd8       0xd0 ./Src/opamp.o
                0x0000000020003fd8                hopamp2
                0x000000002000400c                hopamp3
                0x0000000020004040                hopamp1
                0x0000000020004074                hopamp4
 COMMON         0x00000000200040a8       0xa8 ./Src/usart.o
                0x00000000200040a8                hdma_usart1_tx
                0x00000000200040e0                huart1
                0x0000000020004150                . = ALIGN (0x4)
                0x0000000020004150                _ebss = .
                0x0000000020004150                __bss_end__ = _ebss

._user_heap_stack
                0x0000000020004150      0x600
                0x0000000020004150                . = ALIGN (0x8)
                [!provide]                        PROVIDE (end, .)
                [!provide]                        PROVIDE (_end, .)
                0x0000000020004550                . = (. + _Min_Heap_Size)
 *fill*         0x0000000020004150      0x400 
                0x0000000020004750                . = (. + _Min_Stack_Size)
 *fill*         0x0000000020004550      0x200 
                0x0000000020004750                . = ALIGN (0x8)

/DISCARD/
 libc.a(*)
 libm.a(*)
 libgcc.a(*)

.ARM.attributes
                0x0000000000000000       0x2a
 *(.ARM.attributes)
 .ARM.attributes
                0x0000000000000000       0x1e /opt/gcc-arm-none-eabi/bin/../lib/gcc/arm-none-eabi/5.2.1/armv7e-m/crti.o
 .ARM.attributes
                0x000000000000001e       0x2e /opt/gcc-arm-none-eabi/bin/../lib/gcc/arm-none-eabi/5.2.1/armv7e-m/crtbegin.o
 .ARM.attributes
                0x000000000000004c       0x33 ./Src/adc.o
 .ARM.attributes
                0x000000000000007f       0x33 ./Src/dma.o
 .ARM.attributes
                0x00000000000000b2       0x33 ./Src/gpio.o
 .ARM.attributes
                0x00000000000000e5       0x33 ./Src/main.o
 .ARM.attributes
                0x0000000000000118       0x33 ./Src/me_tabs.o
 .ARM.attributes
                0x000000000000014b       0x33 ./Src/opamp.o
 .ARM.attributes
                0x000000000000017e       0x21 ./Src/startup_stm32f303xc.o
 .ARM.attributes
                0x000000000000019f       0x33 ./Src/stm32f3xx_hal_msp.o
 .ARM.attributes
                0x00000000000001d2       0x33 ./Src/stm32f3xx_it.o
 .ARM.attributes
                0x0000000000000205       0x33 ./Src/system_stm32f3xx.o
 .ARM.attributes
                0x0000000000000238       0x33 ./Src/usart.o
 .ARM.attributes
                0x000000000000026b       0x33 ./Drivers/STM32F3xx_HAL_Driver/Src/stm32f3xx_hal.o
 .ARM.attributes
                0x000000000000029e       0x33 ./Drivers/STM32F3xx_HAL_Driver/Src/stm32f3xx_hal_adc.o
 .ARM.attributes
                0x00000000000002d1       0x33 ./Drivers/STM32F3xx_HAL_Driver/Src/stm32f3xx_hal_adc_ex.o
 .ARM.attributes
                0x0000000000000304       0x33 ./Drivers/STM32F3xx_HAL_Driver/Src/stm32f3xx_hal_cortex.o
 .ARM.attributes
                0x0000000000000337       0x33 ./Drivers/STM32F3xx_HAL_Driver/Src/stm32f3xx_hal_dma.o
 .ARM.attributes
                0x000000000000036a       0x33 ./Drivers/STM32F3xx_HAL_Driver/Src/stm32f3xx_hal_gpio.o
 .ARM.attributes
                0x000000000000039d       0x33 ./Drivers/STM32F3xx_HAL_Driver/Src/stm32f3xx_hal_opamp.o
 .ARM.attributes
                0x00000000000003d0       0x33 ./Drivers/STM32F3xx_HAL_Driver/Src/stm32f3xx_hal_pwr.o
 .ARM.attributes
                0x0000000000000403       0x33 ./Drivers/STM32F3xx_HAL_Driver/Src/stm32f3xx_hal_rcc.o
 .ARM.attributes
                0x0000000000000436       0x33 ./Drivers/STM32F3xx_HAL_Driver/Src/stm32f3xx_hal_rcc_ex.o
 .ARM.attributes
                0x0000000000000469       0x33 ./Drivers/STM32F3xx_HAL_Driver/Src/stm32f3xx_hal_uart.o
 .ARM.attributes
                0x000000000000049c       0x33 ./Drivers/STM32F3xx_HAL_Driver/Src/stm32f3xx_hal_uart_ex.o
 .ARM.attributes
                0x00000000000004cf       0x2e /opt/gcc-arm-none-eabi/bin/../lib/gcc/arm-none-eabi/5.2.1/../../../../arm-none-eabi/lib/armv7e-m/libg_nano.a(lib_a-init.o)
 .ARM.attributes
                0x00000000000004fd       0x2e /opt/gcc-arm-none-eabi/bin/../lib/gcc/arm-none-eabi/5.2.1/armv7e-m/crtend.o
 .ARM.attributes
                0x000000000000052b       0x1e /opt/gcc-arm-none-eabi/bin/../lib/gcc/arm-none-eabi/5.2.1/armv7e-m/crtn.o
OUTPUT(ADC.elf elf32-littlearm)

.debug_info     0x0000000000000000     0xbe31
 .debug_info    0x0000000000000000      0x7f8 ./Src/adc.o
 .debug_info    0x00000000000007f8      0x391 ./Src/dma.o
 .debug_info    0x0000000000000b89      0x33a ./Src/gpio.o
 .debug_info    0x0000000000000ec3     0x1099 ./Src/main.o
 .debug_info    0x0000000000001f5c       0x99 ./Src/me_tabs.o
 .debug_info    0x0000000000001ff5      0x457 ./Src/opamp.o
 .debug_info    0x000000000000244c       0x64 ./Src/startup_stm32f303xc.o
 .debug_info    0x00000000000024b0      0x375 ./Src/stm32f3xx_hal_msp.o
 .debug_info    0x0000000000002825      0x60d ./Src/stm32f3xx_it.o
 .debug_info    0x0000000000002e32      0x3b9 ./Src/system_stm32f3xx.o
 .debug_info    0x00000000000031eb      0x9b7 ./Src/usart.o
 .debug_info    0x0000000000003ba2      0x64b ./Drivers/STM32F3xx_HAL_Driver/Src/stm32f3xx_hal.o
 .debug_info    0x00000000000041ed      0xaa8 ./Drivers/STM32F3xx_HAL_Driver/Src/stm32f3xx_hal_adc.o
 .debug_info    0x0000000000004c95     0x1489 ./Drivers/STM32F3xx_HAL_Driver/Src/stm32f3xx_hal_adc_ex.o
 .debug_info    0x000000000000611e      0xca8 ./Drivers/STM32F3xx_HAL_Driver/Src/stm32f3xx_hal_cortex.o
 .debug_info    0x0000000000006dc6      0x585 ./Drivers/STM32F3xx_HAL_Driver/Src/stm32f3xx_hal_dma.o
 .debug_info    0x000000000000734b      0x660 ./Drivers/STM32F3xx_HAL_Driver/Src/stm32f3xx_hal_gpio.o
 .debug_info    0x00000000000079ab      0x5cc ./Drivers/STM32F3xx_HAL_Driver/Src/stm32f3xx_hal_opamp.o
 .debug_info    0x0000000000007f77      0x60b ./Drivers/STM32F3xx_HAL_Driver/Src/stm32f3xx_hal_pwr.o
 .debug_info    0x0000000000008582     0x1af7 ./Drivers/STM32F3xx_HAL_Driver/Src/stm32f3xx_hal_rcc.o
 .debug_info    0x000000000000a079      0x600 ./Drivers/STM32F3xx_HAL_Driver/Src/stm32f3xx_hal_rcc_ex.o
 .debug_info    0x000000000000a679     0x104a ./Drivers/STM32F3xx_HAL_Driver/Src/stm32f3xx_hal_uart.o
 .debug_info    0x000000000000b6c3      0x76e ./Drivers/STM32F3xx_HAL_Driver/Src/stm32f3xx_hal_uart_ex.o

.debug_abbrev   0x0000000000000000     0x2156
 .debug_abbrev  0x0000000000000000      0x16b ./Src/adc.o
 .debug_abbrev  0x000000000000016b       0xe8 ./Src/dma.o
 .debug_abbrev  0x0000000000000253      0x11c ./Src/gpio.o
 .debug_abbrev  0x000000000000036f      0x1f2 ./Src/main.o
 .debug_abbrev  0x0000000000000561       0x48 ./Src/me_tabs.o
 .debug_abbrev  0x00000000000005a9      0x149 ./Src/opamp.o
 .debug_abbrev  0x00000000000006f2       0x12 ./Src/startup_stm32f303xc.o
 .debug_abbrev  0x0000000000000704       0xdd ./Src/stm32f3xx_hal_msp.o
 .debug_abbrev  0x00000000000007e1      0x116 ./Src/stm32f3xx_it.o
 .debug_abbrev  0x00000000000008f7      0x104 ./Src/system_stm32f3xx.o
 .debug_abbrev  0x00000000000009fb      0x181 ./Src/usart.o
 .debug_abbrev  0x0000000000000b7c      0x188 ./Drivers/STM32F3xx_HAL_Driver/Src/stm32f3xx_hal.o
 .debug_abbrev  0x0000000000000d04      0x153 ./Drivers/STM32F3xx_HAL_Driver/Src/stm32f3xx_hal_adc.o
 .debug_abbrev  0x0000000000000e57      0x21e ./Drivers/STM32F3xx_HAL_Driver/Src/stm32f3xx_hal_adc_ex.o
 .debug_abbrev  0x0000000000001075      0x298 ./Drivers/STM32F3xx_HAL_Driver/Src/stm32f3xx_hal_cortex.o
 .debug_abbrev  0x000000000000130d      0x1b8 ./Drivers/STM32F3xx_HAL_Driver/Src/stm32f3xx_hal_dma.o
 .debug_abbrev  0x00000000000014c5      0x1af ./Drivers/STM32F3xx_HAL_Driver/Src/stm32f3xx_hal_gpio.o
 .debug_abbrev  0x0000000000001674      0x183 ./Drivers/STM32F3xx_HAL_Driver/Src/stm32f3xx_hal_opamp.o
 .debug_abbrev  0x00000000000017f7      0x1a7 ./Drivers/STM32F3xx_HAL_Driver/Src/stm32f3xx_hal_pwr.o
 .debug_abbrev  0x000000000000199e      0x25f ./Drivers/STM32F3xx_HAL_Driver/Src/stm32f3xx_hal_rcc.o
 .debug_abbrev  0x0000000000001bfd      0x212 ./Drivers/STM32F3xx_HAL_Driver/Src/stm32f3xx_hal_rcc_ex.o
 .debug_abbrev  0x0000000000001e0f      0x1a7 ./Drivers/STM32F3xx_HAL_Driver/Src/stm32f3xx_hal_uart.o
 .debug_abbrev  0x0000000000001fb6      0x1a0 ./Drivers/STM32F3xx_HAL_Driver/Src/stm32f3xx_hal_uart_ex.o

.debug_aranges  0x0000000000000000      0xa00
 .debug_aranges
                0x0000000000000000       0x38 ./Src/adc.o
 .debug_aranges
                0x0000000000000038       0x20 ./Src/dma.o
 .debug_aranges
                0x0000000000000058       0x20 ./Src/gpio.o
 .debug_aranges
                0x0000000000000078       0x48 ./Src/main.o
 .debug_aranges
                0x00000000000000c0       0x18 ./Src/me_tabs.o
 .debug_aranges
                0x00000000000000d8       0x48 ./Src/opamp.o
 .debug_aranges
                0x0000000000000120       0x28 ./Src/startup_stm32f303xc.o
 .debug_aranges
                0x0000000000000148       0x20 ./Src/stm32f3xx_hal_msp.o
 .debug_aranges
                0x0000000000000168       0x40 ./Src/stm32f3xx_it.o
 .debug_aranges
                0x00000000000001a8       0x28 ./Src/system_stm32f3xx.o
 .debug_aranges
                0x00000000000001d0       0x30 ./Src/usart.o
 .debug_aranges
                0x0000000000000200       0xb0 ./Drivers/STM32F3xx_HAL_Driver/Src/stm32f3xx_hal.o
 .debug_aranges
                0x00000000000002b0       0xc8 ./Drivers/STM32F3xx_HAL_Driver/Src/stm32f3xx_hal_adc.o
 .debug_aranges
                0x0000000000000378      0x168 ./Drivers/STM32F3xx_HAL_Driver/Src/stm32f3xx_hal_adc_ex.o
 .debug_aranges
                0x00000000000004e0      0x108 ./Drivers/STM32F3xx_HAL_Driver/Src/stm32f3xx_hal_cortex.o
 .debug_aranges
                0x00000000000005e8       0x68 ./Drivers/STM32F3xx_HAL_Driver/Src/stm32f3xx_hal_dma.o
 .debug_aranges
                0x0000000000000650       0x58 ./Drivers/STM32F3xx_HAL_Driver/Src/stm32f3xx_hal_gpio.o
 .debug_aranges
                0x00000000000006a8       0x68 ./Drivers/STM32F3xx_HAL_Driver/Src/stm32f3xx_hal_opamp.o
 .debug_aranges
                0x0000000000000710       0x78 ./Drivers/STM32F3xx_HAL_Driver/Src/stm32f3xx_hal_pwr.o
 .debug_aranges
                0x0000000000000788       0x88 ./Drivers/STM32F3xx_HAL_Driver/Src/stm32f3xx_hal_rcc.o
 .debug_aranges
                0x0000000000000810       0x38 ./Drivers/STM32F3xx_HAL_Driver/Src/stm32f3xx_hal_rcc_ex.o
 .debug_aranges
                0x0000000000000848      0x170 ./Drivers/STM32F3xx_HAL_Driver/Src/stm32f3xx_hal_uart.o
 .debug_aranges
                0x00000000000009b8       0x48 ./Drivers/STM32F3xx_HAL_Driver/Src/stm32f3xx_hal_uart_ex.o

.debug_ranges   0x0000000000000000      0x890
 .debug_ranges  0x0000000000000000       0x28 ./Src/adc.o
 .debug_ranges  0x0000000000000028       0x10 ./Src/dma.o
 .debug_ranges  0x0000000000000038       0x10 ./Src/gpio.o
 .debug_ranges  0x0000000000000048       0x38 ./Src/main.o
 .debug_ranges  0x0000000000000080       0x38 ./Src/opamp.o
 .debug_ranges  0x00000000000000b8       0x20 ./Src/startup_stm32f303xc.o
 .debug_ranges  0x00000000000000d8       0x10 ./Src/stm32f3xx_hal_msp.o
 .debug_ranges  0x00000000000000e8       0x30 ./Src/stm32f3xx_it.o
 .debug_ranges  0x0000000000000118       0x18 ./Src/system_stm32f3xx.o
 .debug_ranges  0x0000000000000130       0x20 ./Src/usart.o
 .debug_ranges  0x0000000000000150       0xa0 ./Drivers/STM32F3xx_HAL_Driver/Src/stm32f3xx_hal.o
 .debug_ranges  0x00000000000001f0       0xb8 ./Drivers/STM32F3xx_HAL_Driver/Src/stm32f3xx_hal_adc.o
 .debug_ranges  0x00000000000002a8      0x158 ./Drivers/STM32F3xx_HAL_Driver/Src/stm32f3xx_hal_adc_ex.o
 .debug_ranges  0x0000000000000400       0xf8 ./Drivers/STM32F3xx_HAL_Driver/Src/stm32f3xx_hal_cortex.o
 .debug_ranges  0x00000000000004f8       0x58 ./Drivers/STM32F3xx_HAL_Driver/Src/stm32f3xx_hal_dma.o
 .debug_ranges  0x0000000000000550       0x48 ./Drivers/STM32F3xx_HAL_Driver/Src/stm32f3xx_hal_gpio.o
 .debug_ranges  0x0000000000000598       0x58 ./Drivers/STM32F3xx_HAL_Driver/Src/stm32f3xx_hal_opamp.o
 .debug_ranges  0x00000000000005f0       0x68 ./Drivers/STM32F3xx_HAL_Driver/Src/stm32f3xx_hal_pwr.o
 .debug_ranges  0x0000000000000658       0x78 ./Drivers/STM32F3xx_HAL_Driver/Src/stm32f3xx_hal_rcc.o
 .debug_ranges  0x00000000000006d0       0x28 ./Drivers/STM32F3xx_HAL_Driver/Src/stm32f3xx_hal_rcc_ex.o
 .debug_ranges  0x00000000000006f8      0x160 ./Drivers/STM32F3xx_HAL_Driver/Src/stm32f3xx_hal_uart.o
 .debug_ranges  0x0000000000000858       0x38 ./Drivers/STM32F3xx_HAL_Driver/Src/stm32f3xx_hal_uart_ex.o

.debug_macro    0x0000000000000000    0x148b7
 .debug_macro   0x0000000000000000      0x2e2 ./Src/adc.o
 .debug_macro   0x00000000000002e2      0x880 ./Src/adc.o
 .debug_macro   0x0000000000000b62       0x9e ./Src/adc.o
 .debug_macro   0x0000000000000c00       0x30 ./Src/adc.o
 .debug_macro   0x0000000000000c30       0x28 ./Src/adc.o
 .debug_macro   0x0000000000000c58       0x3b ./Src/adc.o
 .debug_macro   0x0000000000000c93       0x22 ./Src/adc.o
 .debug_macro   0x0000000000000cb5       0x44 ./Src/adc.o
 .debug_macro   0x0000000000000cf9       0xfd ./Src/adc.o
 .debug_macro   0x0000000000000df6       0x22 ./Src/adc.o
 .debug_macro   0x0000000000000e18      0x1df ./Src/adc.o
 .debug_macro   0x0000000000000ff7       0x34 ./Src/adc.o
 .debug_macro   0x000000000000102b       0x26 ./Src/adc.o
 .debug_macro   0x0000000000001051      0xe43 ./Src/adc.o
 .debug_macro   0x0000000000001e94     0x8367 ./Src/adc.o
 .debug_macro   0x000000000000a1fb       0x43 ./Src/adc.o
 .debug_macro   0x000000000000a23e     0x3203 ./Src/adc.o
 .debug_macro   0x000000000000d441       0x58 ./Src/adc.o
 .debug_macro   0x000000000000d499       0x35 ./Src/adc.o
 .debug_macro   0x000000000000d4ce       0x9c ./Src/adc.o
 .debug_macro   0x000000000000d56a       0x16 ./Src/adc.o
 .debug_macro   0x000000000000d580       0x97 ./Src/adc.o
 .debug_macro   0x000000000000d617      0x34c ./Src/adc.o
 .debug_macro   0x000000000000d963       0xf6 ./Src/adc.o
 .debug_macro   0x000000000000da59       0x10 ./Src/adc.o
 .debug_macro   0x000000000000da69       0x52 ./Src/adc.o
 .debug_macro   0x000000000000dabb       0x16 ./Src/adc.o
 .debug_macro   0x000000000000dad1       0x43 ./Src/adc.o
 .debug_macro   0x000000000000db14      0x187 ./Src/adc.o
 .debug_macro   0x000000000000dc9b       0x10 ./Src/adc.o
 .debug_macro   0x000000000000dcab       0x22 ./Src/adc.o
 .debug_macro   0x000000000000dccd       0x3a ./Src/adc.o
 .debug_macro   0x000000000000dd07       0x10 ./Src/adc.o
 .debug_macro   0x000000000000dd17       0x40 ./Src/adc.o
 .debug_macro   0x000000000000dd57       0x65 ./Src/adc.o
 .debug_macro   0x000000000000ddbc       0x16 ./Src/adc.o
 .debug_macro   0x000000000000ddd2      0x166 ./Src/adc.o
 .debug_macro   0x000000000000df38       0x49 ./Src/adc.o
 .debug_macro   0x000000000000df81      0x971 ./Src/adc.o
 .debug_macro   0x000000000000e8f2      0x5fe ./Src/adc.o
 .debug_macro   0x000000000000eef0      0x13a ./Src/adc.o
 .debug_macro   0x000000000000f02a      0x1fb ./Src/adc.o
 .debug_macro   0x000000000000f225      0x1a7 ./Src/adc.o
 .debug_macro   0x000000000000f3cc       0x2a ./Src/adc.o
 .debug_macro   0x000000000000f3f6       0x3c ./Src/adc.o
 .debug_macro   0x000000000000f432      0x23a ./Src/adc.o
 .debug_macro   0x000000000000f66c      0xa52 ./Src/adc.o
 .debug_macro   0x00000000000100be       0x77 ./Src/adc.o
 .debug_macro   0x0000000000010135       0xcb ./Src/adc.o
 .debug_macro   0x0000000000010200      0x22b ./Src/adc.o
 .debug_macro   0x000000000001042b      0x17d ./Src/adc.o
 .debug_macro   0x00000000000105a8       0xd6 ./Src/adc.o
 .debug_macro   0x000000000001067e       0xd4 ./Src/adc.o
 .debug_macro   0x0000000000010752      0x558 ./Src/adc.o
 .debug_macro   0x0000000000010caa       0x2b ./Src/adc.o
 .debug_macro   0x0000000000010cd5      0x26e ./Src/adc.o
 .debug_macro   0x0000000000010f43      0x2d8 ./Src/dma.o
 .debug_macro   0x000000000001121b      0x2d8 ./Src/gpio.o
 .debug_macro   0x00000000000114f3      0x306 ./Src/main.o
 .debug_macro   0x00000000000117f9       0x11 ./Src/me_tabs.o
 .debug_macro   0x000000000001180a      0x2e2 ./Src/opamp.o
 .debug_macro   0x0000000000011aec      0x2ce ./Src/stm32f3xx_hal_msp.o
 .debug_macro   0x0000000000011dba      0x2d8 ./Src/stm32f3xx_it.o
 .debug_macro   0x0000000000012092      0x2d4 ./Src/system_stm32f3xx.o
 .debug_macro   0x0000000000012366      0x2ec ./Src/usart.o
 .debug_macro   0x0000000000012652      0x2f2 ./Drivers/STM32F3xx_HAL_Driver/Src/stm32f3xx_hal.o
 .debug_macro   0x0000000000012944      0x2cf ./Drivers/STM32F3xx_HAL_Driver/Src/stm32f3xx_hal_adc.o
 .debug_macro   0x0000000000012c13      0x2f8 ./Drivers/STM32F3xx_HAL_Driver/Src/stm32f3xx_hal_adc_ex.o
 .debug_macro   0x0000000000012f0b      0x2ce ./Drivers/STM32F3xx_HAL_Driver/Src/stm32f3xx_hal_cortex.o
 .debug_macro   0x00000000000131d9      0x2d4 ./Drivers/STM32F3xx_HAL_Driver/Src/stm32f3xx_hal_dma.o
 .debug_macro   0x00000000000134ad      0x306 ./Drivers/STM32F3xx_HAL_Driver/Src/stm32f3xx_hal_gpio.o
 .debug_macro   0x00000000000137b3      0x2d6 ./Drivers/STM32F3xx_HAL_Driver/Src/stm32f3xx_hal_opamp.o
 .debug_macro   0x0000000000013a89      0x2ce ./Drivers/STM32F3xx_HAL_Driver/Src/stm32f3xx_hal_pwr.o
 .debug_macro   0x0000000000013d57      0x2e0 ./Drivers/STM32F3xx_HAL_Driver/Src/stm32f3xx_hal_rcc.o
 .debug_macro   0x0000000000014037      0x2ce ./Drivers/STM32F3xx_HAL_Driver/Src/stm32f3xx_hal_rcc_ex.o
 .debug_macro   0x0000000000014305      0x2e4 ./Drivers/STM32F3xx_HAL_Driver/Src/stm32f3xx_hal_uart.o
 .debug_macro   0x00000000000145e9      0x2ce ./Drivers/STM32F3xx_HAL_Driver/Src/stm32f3xx_hal_uart_ex.o

.debug_line     0x0000000000000000     0xc757
 .debug_line    0x0000000000000000      0x68c ./Src/adc.o
 .debug_line    0x000000000000068c      0x607 ./Src/dma.o
 .debug_line    0x0000000000000c93      0x60b ./Src/gpio.o
 .debug_line    0x000000000000129e      0x6d9 ./Src/main.o
 .debug_line    0x0000000000001977       0x31 ./Src/me_tabs.o
 .debug_line    0x00000000000019a8      0x6c8 ./Src/opamp.o
 .debug_line    0x0000000000002070       0x7b ./Src/startup_stm32f303xc.o
 .debug_line    0x00000000000020eb      0x607 ./Src/stm32f3xx_hal_msp.o
 .debug_line    0x00000000000026f2      0x65b ./Src/stm32f3xx_it.o
 .debug_line    0x0000000000002d4d      0x636 ./Src/system_stm32f3xx.o
 .debug_line    0x0000000000003383      0x65c ./Src/usart.o
 .debug_line    0x00000000000039df      0x776 ./Drivers/STM32F3xx_HAL_Driver/Src/stm32f3xx_hal.o
 .debug_line    0x0000000000004155      0x796 ./Drivers/STM32F3xx_HAL_Driver/Src/stm32f3xx_hal_adc.o
 .debug_line    0x00000000000048eb     0x18ac ./Drivers/STM32F3xx_HAL_Driver/Src/stm32f3xx_hal_adc_ex.o
 .debug_line    0x0000000000006197      0x8f2 ./Drivers/STM32F3xx_HAL_Driver/Src/stm32f3xx_hal_cortex.o
 .debug_line    0x0000000000006a89     0x14fc ./Drivers/STM32F3xx_HAL_Driver/Src/stm32f3xx_hal_dma.o
 .debug_line    0x0000000000007f85      0x7a5 ./Drivers/STM32F3xx_HAL_Driver/Src/stm32f3xx_hal_gpio.o
 .debug_line    0x000000000000872a      0x78d ./Drivers/STM32F3xx_HAL_Driver/Src/stm32f3xx_hal_opamp.o
 .debug_line    0x0000000000008eb7      0x745 ./Drivers/STM32F3xx_HAL_Driver/Src/stm32f3xx_hal_pwr.o
 .debug_line    0x00000000000095fc     0x1358 ./Drivers/STM32F3xx_HAL_Driver/Src/stm32f3xx_hal_rcc.o
 .debug_line    0x000000000000a954      0x903 ./Drivers/STM32F3xx_HAL_Driver/Src/stm32f3xx_hal_rcc_ex.o
 .debug_line    0x000000000000b257      0xdf4 ./Drivers/STM32F3xx_HAL_Driver/Src/stm32f3xx_hal_uart.o
 .debug_line    0x000000000000c04b      0x70c ./Drivers/STM32F3xx_HAL_Driver/Src/stm32f3xx_hal_uart_ex.o

.debug_str      0x0000000000000000    0x78d44
 .debug_str     0x0000000000000000    0x75f5a ./Src/adc.o
                                      0x762b3 (size before relaxing)
 .debug_str     0x0000000000075f5a      0x32e ./Src/dma.o
                                      0x7620c (size before relaxing)
 .debug_str     0x0000000000076288       0xb4 ./Src/gpio.o
                                      0x75e89 (size before relaxing)
 .debug_str     0x000000000007633c      0x7df ./Src/main.o
                                      0x76dfc (size before relaxing)
 .debug_str     0x0000000000076b1b       0x2c ./Src/me_tabs.o
                                       0x2529 (size before relaxing)
 .debug_str     0x0000000000076b47       0x88 ./Src/opamp.o
                                      0x76085 (size before relaxing)
 .debug_str     0x0000000000076bcf       0x27 ./Src/stm32f3xx_hal_msp.o
                                      0x76211 (size before relaxing)
 .debug_str     0x0000000000076bf6       0xa4 ./Src/stm32f3xx_it.o
                                      0x76289 (size before relaxing)
 .debug_str     0x0000000000076c9a       0xd2 ./Src/system_stm32f3xx.o
                                      0x75ebc (size before relaxing)
 .debug_str     0x0000000000076d6c       0x47 ./Src/usart.o
                                      0x76730 (size before relaxing)
 .debug_str     0x0000000000076db3      0x2a5 ./Drivers/STM32F3xx_HAL_Driver/Src/stm32f3xx_hal.o
                                      0x7659e (size before relaxing)
 .debug_str     0x0000000000077058      0x1f4 ./Drivers/STM32F3xx_HAL_Driver/Src/stm32f3xx_hal_adc.o
                                      0x76477 (size before relaxing)
 .debug_str     0x000000000007724c      0x73c ./Drivers/STM32F3xx_HAL_Driver/Src/stm32f3xx_hal_adc_ex.o
                                      0x76b14 (size before relaxing)
 .debug_str     0x0000000000077988      0x36d ./Drivers/STM32F3xx_HAL_Driver/Src/stm32f3xx_hal_cortex.o
                                      0x766e9 (size before relaxing)
 .debug_str     0x0000000000077cf5      0x16f ./Drivers/STM32F3xx_HAL_Driver/Src/stm32f3xx_hal_dma.o
                                      0x760fb (size before relaxing)
 .debug_str     0x0000000000077e64      0x273 ./Drivers/STM32F3xx_HAL_Driver/Src/stm32f3xx_hal_gpio.o
                                      0x76131 (size before relaxing)
 .debug_str     0x00000000000780d7      0x16a ./Drivers/STM32F3xx_HAL_Driver/Src/stm32f3xx_hal_opamp.o
                                      0x76178 (size before relaxing)
 .debug_str     0x0000000000078241      0x1ad ./Drivers/STM32F3xx_HAL_Driver/Src/stm32f3xx_hal_pwr.o
                                      0x75ff9 (size before relaxing)
 .debug_str     0x00000000000783ee      0x220 ./Drivers/STM32F3xx_HAL_Driver/Src/stm32f3xx_hal_rcc.o
                                      0x76247 (size before relaxing)
 .debug_str     0x000000000007860e       0xd8 ./Drivers/STM32F3xx_HAL_Driver/Src/stm32f3xx_hal_rcc_ex.o
                                      0x760b8 (size before relaxing)
 .debug_str     0x00000000000786e6      0x568 ./Drivers/STM32F3xx_HAL_Driver/Src/stm32f3xx_hal_uart.o
                                      0x7685e (size before relaxing)
 .debug_str     0x0000000000078c4e       0xf6 ./Drivers/STM32F3xx_HAL_Driver/Src/stm32f3xx_hal_uart_ex.o
                                      0x7636f (size before relaxing)

.comment        0x0000000000000000       0x6e
 .comment       0x0000000000000000       0x6e ./Src/adc.o
                                         0x6f (size before relaxing)
 .comment       0x000000000000006e       0x6f ./Src/dma.o
 .comment       0x000000000000006e       0x6f ./Src/gpio.o
 .comment       0x000000000000006e       0x6f ./Src/main.o
 .comment       0x000000000000006e       0x6f ./Src/me_tabs.o
 .comment       0x000000000000006e       0x6f ./Src/opamp.o
 .comment       0x000000000000006e       0x6f ./Src/stm32f3xx_hal_msp.o
 .comment       0x000000000000006e       0x6f ./Src/stm32f3xx_it.o
 .comment       0x000000000000006e       0x6f ./Src/system_stm32f3xx.o
 .comment       0x000000000000006e       0x6f ./Src/usart.o
 .comment       0x000000000000006e       0x6f ./Drivers/STM32F3xx_HAL_Driver/Src/stm32f3xx_hal.o
 .comment       0x000000000000006e       0x6f ./Drivers/STM32F3xx_HAL_Driver/Src/stm32f3xx_hal_adc.o
 .comment       0x000000000000006e       0x6f ./Drivers/STM32F3xx_HAL_Driver/Src/stm32f3xx_hal_adc_ex.o
 .comment       0x000000000000006e       0x6f ./Drivers/STM32F3xx_HAL_Driver/Src/stm32f3xx_hal_cortex.o
 .comment       0x000000000000006e       0x6f ./Drivers/STM32F3xx_HAL_Driver/Src/stm32f3xx_hal_dma.o
 .comment       0x000000000000006e       0x6f ./Drivers/STM32F3xx_HAL_Driver/Src/stm32f3xx_hal_gpio.o
 .comment       0x000000000000006e       0x6f ./Drivers/STM32F3xx_HAL_Driver/Src/stm32f3xx_hal_opamp.o
 .comment       0x000000000000006e       0x6f ./Drivers/STM32F3xx_HAL_Driver/Src/stm32f3xx_hal_pwr.o
 .comment       0x000000000000006e       0x6f ./Drivers/STM32F3xx_HAL_Driver/Src/stm32f3xx_hal_rcc.o
 .comment       0x000000000000006e       0x6f ./Drivers/STM32F3xx_HAL_Driver/Src/stm32f3xx_hal_rcc_ex.o
 .comment       0x000000000000006e       0x6f ./Drivers/STM32F3xx_HAL_Driver/Src/stm32f3xx_hal_uart.o
 .comment       0x000000000000006e       0x6f ./Drivers/STM32F3xx_HAL_Driver/Src/stm32f3xx_hal_uart_ex.o

.debug_frame    0x0000000000000000     0x256c
 .debug_frame   0x0000000000000000       0xa0 ./Src/adc.o
 .debug_frame   0x00000000000000a0       0x34 ./Src/dma.o
 .debug_frame   0x00000000000000d4       0x34 ./Src/gpio.o
 .debug_frame   0x0000000000000108       0xf4 ./Src/main.o
 .debug_frame   0x00000000000001fc       0xc8 ./Src/opamp.o
 .debug_frame   0x00000000000002c4       0x34 ./Src/stm32f3xx_hal_msp.o
 .debug_frame   0x00000000000002f8       0x9c ./Src/stm32f3xx_it.o
 .debug_frame   0x0000000000000394       0x58 ./Src/system_stm32f3xx.o
 .debug_frame   0x00000000000003ec       0x74 ./Src/usart.o
 .debug_frame   0x0000000000000460      0x270 ./Drivers/STM32F3xx_HAL_Driver/Src/stm32f3xx_hal.o
 .debug_frame   0x00000000000006d0      0x380 ./Drivers/STM32F3xx_HAL_Driver/Src/stm32f3xx_hal_adc.o
 .debug_frame   0x0000000000000a50      0x64c ./Drivers/STM32F3xx_HAL_Driver/Src/stm32f3xx_hal_adc_ex.o
 .debug_frame   0x000000000000109c      0x450 ./Drivers/STM32F3xx_HAL_Driver/Src/stm32f3xx_hal_cortex.o
 .debug_frame   0x00000000000014ec      0x194 ./Drivers/STM32F3xx_HAL_Driver/Src/stm32f3xx_hal_dma.o
 .debug_frame   0x0000000000001680      0x14c ./Drivers/STM32F3xx_HAL_Driver/Src/stm32f3xx_hal_gpio.o
 .debug_frame   0x00000000000017cc      0x198 ./Drivers/STM32F3xx_HAL_Driver/Src/stm32f3xx_hal_opamp.o
 .debug_frame   0x0000000000001964      0x1b0 ./Drivers/STM32F3xx_HAL_Driver/Src/stm32f3xx_hal_pwr.o
 .debug_frame   0x0000000000001b14      0x214 ./Drivers/STM32F3xx_HAL_Driver/Src/stm32f3xx_hal_rcc.o
 .debug_frame   0x0000000000001d28       0xb4 ./Drivers/STM32F3xx_HAL_Driver/Src/stm32f3xx_hal_rcc_ex.o
 .debug_frame   0x0000000000001ddc      0x670 ./Drivers/STM32F3xx_HAL_Driver/Src/stm32f3xx_hal_uart.o
 .debug_frame   0x000000000000244c       0xf4 ./Drivers/STM32F3xx_HAL_Driver/Src/stm32f3xx_hal_uart_ex.o
 .debug_frame   0x0000000000002540       0x2c /opt/gcc-arm-none-eabi/bin/../lib/gcc/arm-none-eabi/5.2.1/../../../../arm-none-eabi/lib/armv7e-m/libg_nano.a(lib_a-init.o)
